// Jest Snapshot v1, https://goo.gl/fbAQLP

exports[`<Dashboard/> matches snapshot 1`] = `
Array [
  <div
    className="display panel"
  >
    <div
      className="led green-led"
      data-testid="lockeddiv"
    >
      Unlocked
    </div>
    <div
      className="led green-led"
      data-testid="closeddiv"
    >
      Open
    </div>
  </div>,
  <div
    className="controls panel"
  >
    <button
      className="toggle-btn"
      data-testid="togglelocked"
      disabled={true}
      onClick={[Function]}
    >
      Lock Gate
    </button>
    <button
      className="toggle-btn"
      data-testid="toggleopen"
      disabled={false}
      onClick={[Function]}
    >
      Close Gate
    </button>
  </div>,
]
`;
